---
source: src/main.rs
input_file: src/snapshots/diagnostics/FailedSchemaDereference.yaml
---
GenerateResult {
    outputs: [
        Output {
            expected_status_code: 200,
            name: "addPet_200.hurl",
            hurl_path: "/pets",
            oas_path: "/pets",
            oas_operation_id: Some(
                "addPet",
            ),
            method: "POST",
            header_parameters: [],
            query_parameters: [],
            asserts: [
                "jsonpath \"$\" isCollection",
            ],
            request_body_parameter: "",
        },
    ],
    diagnostics: [
        FailedSchemaDereference {
            context: DiagnosticContext {
                operation: "addPet",
                path: "/pets",
            },
            reference: "#/components/schemas/PetReference",
        },
    ],
}
