---
source: src/main.rs
input_file: src/snapshots/petstore/updatePet_405.hurl
---
PUT {{ baseurl }}/pet
Authorization: Bearer {{ authorization }}
Prefer: code=405
{
  "category": {
    "id": 0,
    "name": ""
  },
  "id": 0,
  "name": "",
  "photoUrls": [
    ""
  ],
  "status": "",
  "tags": [
    {
      "id": 0,
      "name": ""
    }
  ]
}
HTTP 405

